main.c:74:6:HAL_ADC_ConvCpltCallback	16	static
main.c:106:6:HAL_CAN_RxFifo0MsgPendingCallback	80	static
main.c:144:6:HAL_CAN_RxFifo1MsgPendingCallback	64	static
main.c:189:5:main	88	static
main.c:299:6:SystemClock_Config	88	static
main.c:343:13:MX_ADC1_Init	24	static
main.c:393:13:MX_CAN1_Init	8	static
main.c:430:13:MX_CAN2_Init	8	static
main.c:467:13:MX_SPI1_Init	8	static
main.c:505:13:MX_SPI2_Init	8	static
main.c:543:13:MX_GPIO_Init	40	static
main.c:575:6:Error_Handler	4	static,ignoring_inline_asm
